✖ Git staging materializes dirty state without copying ignored dependency trees (1926.4612ms)
ℹ tests 1
ℹ suites 0
ℹ pass 0
ℹ fail 1
ℹ cancelled 0
ℹ skipped 0
ℹ todo 0
ℹ duration_ms 2068.7644

✖ failing tests:

test at test\git-staging.test.mjs:8:1
✖ Git staging materializes dirty state without copying ignored dependency trees (1926.4612ms)
  AssertionError [ERR_ASSERTION]: Expected values to be strictly equal:
  + actual - expected
  
  + 'DIRTY\r\n'
  - 'DIRTY\n'
           ^
  
      at TestContext.<anonymous> (file:///C:/Projetos/dv/pilot-runs/p1-w31-smoke-r2/workspaces/P1-S1-SMOKE-D-F2-06-B0-S0-r2/packages/smag-governance/test/git-staging.test.mjs:33:12)
      at async Test.run (node:internal/test_runner/test:1332:7)
      at async startSubtestAfterBootstrap (node:internal/test_runner/harness:385:3) {
    generatedMessage: true,
    code: 'ERR_ASSERTION',
    actual: 'DIRTY\r\n',
    expected: 'DIRTY\n',
    operator: 'strictEqual',
    diff: 'simple'
  }
