.NET SDK:
 Version:           10.0.401
 Commit:            e34a38d2ae
 Workload version:  10.0.400-manifests.b0700452
 MSBuild version:   18.9.11+e34a38d2a

Ambiente de runtime:
 OS Name:     Windows
 OS Version:  10.0.26200
 OS Platform: Windows
 RID:         win-x64
 Base Path:   C:\Program Files\dotnet\sdk\10.0.401\

Cargas de trabalho do .NET instaladas:
 [wasm-tools-net8]
   Origem da Instalação: VS 18.9.12128.139
   Versão do Manifesto:    10.0.112/10.0.100
   Caminho do Manifesto:       C:\Program Files\dotnet\sdk-manifests\10.0.100\microsoft.net.workload.mono.toolchain.net8\10.0.112\WorkloadManifest.json
   Tipo de Instalação:              Msi

Configurado para usar workload sets ao instalar novos manifestos.
Nenhum conjunto de cargas de trabalho está instalado. Execute "dotnet workload restore" para instalar um conjunto de cargas de trabalho.

Host:
  Version:      10.0.12
  Architecture: x64
  Commit:       95017c711e

.NET SDKs installed:
  10.0.400 [C:\Program Files\dotnet\sdk]
  10.0.401 [C:\Program Files\dotnet\sdk]

.NET runtimes installed:
  Microsoft.AspNetCore.All 2.1.30 [C:\Program Files\dotnet\shared\Microsoft.AspNetCore.All]
  Microsoft.AspNetCore.App 2.1.30 [C:\Program Files\dotnet\shared\Microsoft.AspNetCore.App]
  Microsoft.AspNetCore.App 6.0.36 [C:\Program Files\dotnet\shared\Microsoft.AspNetCore.App]
  Microsoft.AspNetCore.App 8.0.31 [C:\Program Files\dotnet\shared\Microsoft.AspNetCore.App]
  Microsoft.AspNetCore.App 10.0.11 [C:\Program Files\dotnet\shared\Microsoft.AspNetCore.App]
  Microsoft.AspNetCore.App 10.0.12 [C:\Program Files\dotnet\shared\Microsoft.AspNetCore.App]
  Microsoft.NETCore.App 2.1.30 [C:\Program Files\dotnet\shared\Microsoft.NETCore.App]
  Microsoft.NETCore.App 6.0.36 [C:\Program Files\dotnet\shared\Microsoft.NETCore.App]
  Microsoft.NETCore.App 8.0.31 [C:\Program Files\dotnet\shared\Microsoft.NETCore.App]
  Microsoft.NETCore.App 10.0.11 [C:\Program Files\dotnet\shared\Microsoft.NETCore.App]
  Microsoft.NETCore.App 10.0.12 [C:\Program Files\dotnet\shared\Microsoft.NETCore.App]
  Microsoft.WindowsDesktop.App 6.0.36 [C:\Program Files\dotnet\shared\Microsoft.WindowsDesktop.App]
  Microsoft.WindowsDesktop.App 8.0.31 [C:\Program Files\dotnet\shared\Microsoft.WindowsDesktop.App]
  Microsoft.WindowsDesktop.App 10.0.11 [C:\Program Files\dotnet\shared\Microsoft.WindowsDesktop.App]
  Microsoft.WindowsDesktop.App 10.0.12 [C:\Program Files\dotnet\shared\Microsoft.WindowsDesktop.App]

Other architectures found:
  x86   [C:\Program Files (x86)\dotnet]
    registered at [HKLM\SOFTWARE\dotnet\Setup\InstalledVersions\x86\InstallLocation]

Environment variables:
  Not set

global.json file:
  C:\Projetos\dv\.tmp-w6-d-f1\global.json

Learn more:
  https://aka.ms/dotnet/info

Download .NET:
  https://aka.ms/dotnet/download
