   Compiling cfg-if v1.0.4
   Compiling proc-macro2 v1.0.107
   Compiling getrandom v0.3.4
   Compiling unicode-ident v1.0.24
   Compiling typenum v1.20.1
   Compiling quote v1.0.47
   Compiling serde_core v1.0.229
   Compiling getrandom v0.4.3
   Compiling zerocopy v0.8.56
   Compiling zmij v1.0.23
   Compiling hybrid-array v0.4.14
   Compiling windows-link v0.2.1
   Compiling autocfg v1.5.1
   Compiling block-buffer v0.12.1
   Compiling windows-sys v0.61.2
   Compiling crypto-common v0.2.2
   Compiling rand_core v0.9.5
   Compiling num-traits v0.2.19
   Compiling once_cell v1.21.4
   Compiling serde v1.0.229
   Compiling serde_json v1.0.151
   Compiling const-oid v0.10.2
   Compiling fastrand v2.5.0
   Compiling syn v3.0.4
   Compiling tempfile v3.27.0
   Compiling digest v0.11.3
   Compiling ppv-lite86 v0.2.21
   Compiling itoa v1.0.18
   Compiling cpufeatures v0.3.1
   Compiling bit-vec v0.8.0
   Compiling memchr v2.8.3
   Compiling serde_derive v1.0.229
   Compiling fnv v1.0.7
   Compiling quick-error v1.2.3
   Compiling wait-timeout v0.2.1
   Compiling sha2 v0.11.0
   Compiling rusty-fork v0.3.1
   Compiling rand_chacha v0.9.0
   Compiling bit-set v0.8.0
   Compiling rand v0.9.5
   Compiling rand_xorshift v0.4.0
   Compiling unarray v0.1.4
   Compiling bitflags v2.13.1
   Compiling regex-syntax v0.8.11
   Compiling proptest v1.11.0
   Compiling metao-contracts v0.0.0 (C:\Projetos\dv\pilot-runs\block-4af-offline-readiness\workspaces\D-F6-01\experiments\rust-chassis-a\metao-contracts)
    Finished `test` profile [unoptimized + debuginfo] target(s) in 2m 28s
     Running tests\discovery_persistence_tests.rs (target\debug\deps\discovery_persistence_tests-b9762825d8ef70ee.exe)
